// Jest Snapshot v1, https://goo.gl/fbAQLP

exports[`App renders correctly 1`] = `
<button
  className="undefined Button Button_black"
  type="button"
/>
`;
